
Allocating common symbols
Common symbol       size              file

Hw_ISR_VectorTable  0x190             Hw_ISR.o
pStrPrintBuf        0x4               Lb_Printf.o

Discarded input sections

 .text          0x0000000000000000        0x0 main.o
 .data          0x0000000000000000        0x0 main.o
 .bss           0x0000000000000000        0x0 main.o
 .text.LED_Tick
                0x0000000000000000       0x10 main.o
 .text          0x0000000000000000        0x0 Ap.o
 .data          0x0000000000000000        0x0 Ap.o
 .bss           0x0000000000000000        0x0 Ap.o
 .text          0x0000000000000000        0x0 Ap_Menu.o
 .data          0x0000000000000000        0x0 Ap_Menu.o
 .bss           0x0000000000000000        0x0 Ap_Menu.o
 .text.Exam_LED_Tick
                0x0000000000000000       0x20 Ap_Menu.o
 .text.Ap_Menu_ShowMenu
                0x0000000000000000       0xa4 Ap_Menu.o
 .text.Ap_Menu_GetCmd
                0x0000000000000000       0x30 Ap_Menu.o
 .text.Ap_Menu_ExeCmd
                0x0000000000000000       0x50 Ap_Menu.o
 .data.Exam_LED_TickDelay
                0x0000000000000000        0x2 Ap_Menu.o
 .rodata.str1.4
                0x0000000000000000      0x2dc Ap_Menu.o
 .bss.Exam_Pwm_Value
                0x0000000000000000        0x2 Ap_Menu.o
 .bss.Cnt.4249  0x0000000000000000        0x2 Ap_Menu.o
 .debug_info    0x0000000000000000      0x3cd Ap_Menu.o
 .debug_abbrev  0x0000000000000000      0x172 Ap_Menu.o
 .debug_loc     0x0000000000000000       0xa8 Ap_Menu.o
 .debug_aranges
                0x0000000000000000       0x38 Ap_Menu.o
 .debug_ranges  0x0000000000000000       0x28 Ap_Menu.o
 .debug_line    0x0000000000000000       0xcd Ap_Menu.o
 .debug_str     0x0000000000000000      0x1c1 Ap_Menu.o
 .comment       0x0000000000000000       0x71 Ap_Menu.o
 .ARM.attributes
                0x0000000000000000       0x3b Ap_Menu.o
 .debug_frame   0x0000000000000000       0x88 Ap_Menu.o
 .text          0x0000000000000000        0x0 Lb_Util.o
 .data          0x0000000000000000        0x0 Lb_Util.o
 .bss           0x0000000000000000        0x0 Lb_Util.o
 .text.delay    0x0000000000000000       0x14 Lb_Util.o
 .text.delay_second
                0x0000000000000000       0x14 Lb_Util.o
 .debug_info    0x0000000000000000       0xe5 Lb_Util.o
 .debug_abbrev  0x0000000000000000       0x95 Lb_Util.o
 .debug_loc     0x0000000000000000       0x5d Lb_Util.o
 .debug_aranges
                0x0000000000000000       0x28 Lb_Util.o
 .debug_ranges  0x0000000000000000       0x18 Lb_Util.o
 .debug_line    0x0000000000000000       0x5a Lb_Util.o
 .debug_str     0x0000000000000000      0x136 Lb_Util.o
 .comment       0x0000000000000000       0x71 Lb_Util.o
 .ARM.attributes
                0x0000000000000000       0x3b Lb_Util.o
 .debug_frame   0x0000000000000000       0x34 Lb_Util.o
 .text          0x0000000000000000        0x0 Lb_Printf.o
 .data          0x0000000000000000        0x0 Lb_Printf.o
 .bss           0x0000000000000000        0x0 Lb_Printf.o
 .text.print_byte_out
                0x0000000000000000       0x38 Lb_Printf.o
 .text.PrintString
                0x0000000000000000       0x20 Lb_Printf.o
 .text.StrNCmp  0x0000000000000000       0x58 Lb_Printf.o
 .text.StrCmp   0x0000000000000000       0x3c Lb_Printf.o
 .text.DecToLong
                0x0000000000000000       0x44 Lb_Printf.o
 .text.PrintDec
                0x0000000000000000      0x3c4 Lb_Printf.o
 .text.PrintHex
                0x0000000000000000      0x3b8 Lb_Printf.o
 .text.Lb_printf
                0x0000000000000000      0x2d4 Lb_Printf.o
 .text.Lb_sprintf
                0x0000000000000000      0x2e8 Lb_Printf.o
 .text.Lb_vsprintf
                0x0000000000000000      0x2d0 Lb_Printf.o
 .bss.StrPrintBufIndex
                0x0000000000000000        0x4 Lb_Printf.o
 .bss.StrPrintMode
                0x0000000000000000        0x1 Lb_Printf.o
 .debug_info    0x0000000000000000      0x9a9 Lb_Printf.o
 .debug_abbrev  0x0000000000000000      0x32c Lb_Printf.o
 .debug_loc     0x0000000000000000     0x1638 Lb_Printf.o
 .debug_aranges
                0x0000000000000000       0x68 Lb_Printf.o
 .debug_ranges  0x0000000000000000      0x198 Lb_Printf.o
 .debug_line    0x0000000000000000      0x64d Lb_Printf.o
 .debug_str     0x0000000000000000      0x245 Lb_Printf.o
 .comment       0x0000000000000000       0x71 Lb_Printf.o
 .ARM.attributes
                0x0000000000000000       0x3b Lb_Printf.o
 .debug_frame   0x0000000000000000      0x198 Lb_Printf.o
 COMMON         0x0000000000000000        0x4 Lb_Printf.o
 .text          0x0000000000000000        0x0 Hw_StartUp.o
 .data          0x0000000000000000        0x0 Hw_StartUp.o
 .bss           0x0000000000000000        0x0 Hw_StartUp.o
 .text          0x0000000000000000        0x0 Hw.o
 .data          0x0000000000000000        0x0 Hw.o
 .bss           0x0000000000000000        0x0 Hw.o
 .text.Hw_Wait  0x0000000000000000       0x1c Hw.o
 .text.Hw_Wait_Usec
                0x0000000000000000       0x34 Hw.o
 .text          0x0000000000000000        0x0 Hw_PLL.o
 .data          0x0000000000000000        0x0 Hw_PLL.o
 .bss           0x0000000000000000        0x0 Hw_PLL.o
 .text          0x0000000000000000        0x0 Hw_ISR.o
 .data          0x0000000000000000        0x0 Hw_ISR.o
 .bss           0x0000000000000000        0x0 Hw_ISR.o
 .text.Hw_ISR_SetIRQFunc
                0x0000000000000000       0x10 Hw_ISR.o
 .text.Hw_ISR_SetIRQFuncByAddr
                0x0000000000000000       0x10 Hw_ISR.o
 .text          0x0000000000000000        0x0 Hw_Led.o
 .data          0x0000000000000000        0x0 Hw_Led.o
 .bss           0x0000000000000000        0x0 Hw_Led.o
 .text.Hw_Led_Toggle
                0x0000000000000000       0x14 Hw_Led.o
 .text.Hw_Led_Wait
                0x0000000000000000       0x1c Hw_Led.o

Memory Configuration

Name             Origin             Length             Attributes
FLASH            0x0000000008000000 0x0000000000200000 xr
RAM              0x0000000020000000 0x0000000000030000 xrw
MEMORY_B1        0x0000000060000000 0x0000000000000000 xr
CCMRAM           0x0000000010000000 0x0000000000010000 rw
*default*        0x0000000000000000 0xffffffffffffffff

Linker script and memory map

LOAD main.o
LOAD Ap.o
LOAD Ap_Menu.o
LOAD Lb_Util.o
LOAD Lb_Printf.o
LOAD Hw_StartUp.o
LOAD Hw.o
LOAD Hw_PLL.o
LOAD Hw_ISR.o
LOAD Hw_Led.o
LOAD /Users/imac/Develop/stm32f4/arm_gcc/gcc-arm-none-eabi-4_7-2013q3/bin/../lib/gcc/arm-none-eabi/4.7.4/../../../../arm-none-eabi/lib/armv7e-m/fpu/libc.a
LOAD /Users/imac/Develop/stm32f4/arm_gcc/gcc-arm-none-eabi-4_7-2013q3/bin/../lib/gcc/arm-none-eabi/4.7.4/../../../../arm-none-eabi/lib/armv7e-m/fpu/libm.a
LOAD /Users/imac/Develop/stm32f4/arm_gcc/gcc-arm-none-eabi-4_7-2013q3/bin/../lib/gcc/arm-none-eabi/4.7.4/../../../../arm-none-eabi/lib/armv7e-m/fpu/libc.a
LOAD /Users/imac/Develop/stm32f4/arm_gcc/gcc-arm-none-eabi-4_7-2013q3/bin/../lib/gcc/arm-none-eabi/4.7.4/armv7e-m/fpu/libgcc.a
                0x0000000020030000                _estack = 0x20030000
                0x0000000000000000                _Min_Heap_Size = 0x0
                0x0000000000000400                _Min_Stack_Size = 0x400

.isr_vector     0x0000000008000000        0x8
                0x0000000008000000                . = ALIGN (0x4)
 *(.isr_vector)
 .isr_vector    0x0000000008000000        0x8 Hw_StartUp.o
                0x0000000008000000                g_pfnVectors
                0x0000000008000008                . = ALIGN (0x4)

.text           0x0000000008000008      0x334
                0x0000000008000008                . = ALIGN (0x4)
 *(.text)
 *(.text*)
 .text.startup.main
                0x0000000008000008       0x3c main.o
                0x0000000008000008                main
 .text.Ap_Init  0x0000000008000044        0x4 Ap.o
                0x0000000008000044                Ap_Init
 .text.Hw_StartUp_Init
                0x0000000008000048       0xd4 Hw_StartUp.o
                0x0000000008000048                Hw_StartUp_Init
 .text.Hw_Init  0x000000000800011c       0x24 Hw.o
                0x000000000800011c                Hw_Init
 .text.Hw_Wait_ms
                0x0000000008000140       0x38 Hw.o
                0x0000000008000140                Hw_Wait_ms
 .text.Hw_PLL_Init
                0x0000000008000178      0x11c Hw_PLL.o
                0x0000000008000178                Hw_PLL_Init
 .text.Hw_ISR_Init
                0x0000000008000294       0x14 Hw_ISR.o
                0x0000000008000294                Hw_ISR_Init
 .text.Hw_Led_Init
                0x00000000080002a8       0x6c Hw_Led.o
                0x00000000080002a8                Hw_Led_Init
 .text.Hw_Led_On
                0x0000000008000314       0x14 Hw_Led.o
                0x0000000008000314                Hw_Led_On
 .text.Hw_Led_Off
                0x0000000008000328       0x14 Hw_Led.o
                0x0000000008000328                Hw_Led_Off
 *(.glue_7)
 .glue_7        0x0000000000000000        0x0 linker stubs
 *(.glue_7t)
 .glue_7t       0x0000000000000000        0x0 linker stubs
 *(.eh_frame)
 *(.init)
 *(.fini)
                0x000000000800033c                . = ALIGN (0x4)
                0x000000000800033c                _etext = .

.vfp11_veneer   0x000000000800033c        0x0
 .vfp11_veneer  0x0000000000000000        0x0 linker stubs

.v4_bx          0x000000000800033c        0x0
 .v4_bx         0x0000000000000000        0x0 linker stubs

.iplt           0x000000000800033c        0x0
 .iplt          0x0000000000000000        0x0 main.o

.rel.dyn        0x000000000800033c        0x0
 .rel.iplt      0x0000000000000000        0x0 main.o

.rodata         0x000000000800033c        0x0
                0x000000000800033c                . = ALIGN (0x4)
 *(.rodata)
 *(.rodata*)
                0x000000000800033c                . = ALIGN (0x4)

.ARM.extab
 *(.ARM.extab* .gnu.linkonce.armextab.*)

.ARM            0x000000000800033c        0x0
                0x000000000800033c                __exidx_start = .
 *(.ARM.exidx*)
                0x000000000800033c                __exidx_end = .

.preinit_array  0x000000000800033c        0x0
                0x000000000800033c                PROVIDE (__preinit_array_start, .)
 *(.preinit_array*)
                0x000000000800033c                PROVIDE (__preinit_array_end, .)

.init_array     0x000000000800033c        0x0
                0x000000000800033c                PROVIDE (__init_array_start, .)
 *(SORT(.init_array.*))
 *(.init_array*)
                0x000000000800033c                PROVIDE (__init_array_end, .)

.fini_array     0x000000000800033c        0x0
                0x000000000800033c                PROVIDE (__fini_array_start, .)
 *(SORT(.fini_array.*))
 *(.fini_array*)
                0x000000000800033c                PROVIDE (__fini_array_end, .)
                0x000000000800033c                _sidata = LOADADDR (.data)

.data           0x0000000020000000        0x0 load address 0x000000000800033c
                0x0000000020000000                . = ALIGN (0x4)
                0x0000000020000000                _sdata = .
 *(.data)
 *(.data*)
                0x0000000020000000                . = ALIGN (0x4)
                0x0000000020000000                _edata = .
                0x000000000800033c                _siccmram = LOADADDR (.ccmram)

.igot.plt       0x0000000020000000        0x0 load address 0x000000000800033c
 .igot.plt      0x0000000000000000        0x0 main.o

.ccmram         0x0000000010000000        0x0 load address 0x000000000800033c
                0x0000000010000000                . = ALIGN (0x4)
                0x0000000010000000                _sccmram = .
 *(.ccmram)
 *(.ccmram*)
                0x0000000010000000                . = ALIGN (0x4)
                0x0000000010000000                _eccmram = .
                0x0000000010000000                . = ALIGN (0x4)

.bss            0x0000000020000000      0x190
                0x0000000020000000                _sbss = .
                0x0000000020000000                __bss_start__ = _sbss
 *(.bss)
 *(.bss*)
 *(COMMON)
 COMMON         0x0000000020000000      0x190 Hw_ISR.o
                0x0000000020000000                Hw_ISR_VectorTable
                0x0000000020000190                . = ALIGN (0x4)
                0x0000000020000190                _ebss = .
                0x0000000020000190                __bss_end__ = _ebss

._user_heap_stack
                0x0000000020000190      0x400
                0x0000000020000190                . = ALIGN (0x4)
                0x0000000020000190                PROVIDE (end, .)
                0x0000000020000190                PROVIDE (_end, .)
                0x0000000020000190                . = (. + _Min_Heap_Size)
                0x0000000020000590                . = (. + _Min_Stack_Size)
 *fill*         0x0000000020000190      0x400 00
                0x0000000020000590                . = ALIGN (0x4)

.memory_b1_text
 *(.mb1text)
 *(.mb1text*)
 *(.mb1rodata)
 *(.mb1rodata*)

/DISCARD/
 libc.a(*)
 libm.a(*)
 libgcc.a(*)

.ARM.attributes
                0x0000000000000000       0x3b
 *(.ARM.attributes)
 .ARM.attributes
                0x0000000000000000       0x3b main.o
 .ARM.attributes
                0x000000000000003b       0x3b Ap.o
 .ARM.attributes
                0x0000000000000076       0x3b Hw_StartUp.o
 .ARM.attributes
                0x00000000000000b1       0x3b Hw.o
 .ARM.attributes
                0x00000000000000ec       0x3b Hw_PLL.o
 .ARM.attributes
                0x0000000000000127       0x3b Hw_ISR.o
 .ARM.attributes
                0x0000000000000162       0x3b Hw_Led.o
OUTPUT(main.elf elf32-littlearm)

.debug_info     0x0000000000000000      0x887
 .debug_info    0x0000000000000000      0x14e main.o
 .debug_info    0x000000000000014e       0x8c Ap.o
 .debug_info    0x00000000000001da      0x14b Hw_StartUp.o
 .debug_info    0x0000000000000325      0x1bf Hw.o
 .debug_info    0x00000000000004e4       0xb7 Hw_PLL.o
 .debug_info    0x000000000000059b      0x16e Hw_ISR.o
 .debug_info    0x0000000000000709      0x17e Hw_Led.o

.debug_abbrev   0x0000000000000000      0x505
 .debug_abbrev  0x0000000000000000       0xc3 main.o
 .debug_abbrev  0x00000000000000c3       0x44 Ap.o
 .debug_abbrev  0x0000000000000107       0xd0 Hw_StartUp.o
 .debug_abbrev  0x00000000000001d7      0x109 Hw.o
 .debug_abbrev  0x00000000000002e0       0x60 Hw_PLL.o
 .debug_abbrev  0x0000000000000340       0xd1 Hw_ISR.o
 .debug_abbrev  0x0000000000000411       0xf4 Hw_Led.o

.debug_loc      0x0000000000000000      0x2f8
 .debug_loc     0x0000000000000000       0x40 main.o
 .debug_loc     0x0000000000000040       0x20 Hw_StartUp.o
 .debug_loc     0x0000000000000060      0x14a Hw.o
 .debug_loc     0x00000000000001aa       0x6a Hw_PLL.o
 .debug_loc     0x0000000000000214       0x42 Hw_ISR.o
 .debug_loc     0x0000000000000256       0xa2 Hw_Led.o

.debug_aranges  0x0000000000000000      0x130
 .debug_aranges
                0x0000000000000000       0x28 main.o
 .debug_aranges
                0x0000000000000028       0x20 Ap.o
 .debug_aranges
                0x0000000000000048       0x20 Hw_StartUp.o
 .debug_aranges
                0x0000000000000068       0x38 Hw.o
 .debug_aranges
                0x00000000000000a0       0x20 Hw_PLL.o
 .debug_aranges
                0x00000000000000c0       0x30 Hw_ISR.o
 .debug_aranges
                0x00000000000000f0       0x40 Hw_Led.o

.debug_ranges   0x0000000000000000      0x178
 .debug_ranges  0x0000000000000000       0x18 main.o
 .debug_ranges  0x0000000000000018       0x10 Ap.o
 .debug_ranges  0x0000000000000028       0x10 Hw_StartUp.o
 .debug_ranges  0x0000000000000038       0xc8 Hw.o
 .debug_ranges  0x0000000000000100       0x10 Hw_PLL.o
 .debug_ranges  0x0000000000000110       0x20 Hw_ISR.o
 .debug_ranges  0x0000000000000130       0x48 Hw_Led.o

.debug_line     0x0000000000000000      0x406
 .debug_line    0x0000000000000000       0x82 main.o
 .debug_line    0x0000000000000082       0x43 Ap.o
 .debug_line    0x00000000000000c5       0x87 Hw_StartUp.o
 .debug_line    0x000000000000014c       0xb9 Hw.o
 .debug_line    0x0000000000000205       0xc1 Hw_PLL.o
 .debug_line    0x00000000000002c6       0x7a Hw_ISR.o
 .debug_line    0x0000000000000340       0xc6 Hw_Led.o

.debug_str      0x0000000000000000      0x303
 .debug_str     0x0000000000000000      0x100 main.o
                                        0x127 (size before relaxing)
 .debug_str     0x0000000000000100       0x1c Ap.o
                                        0x121 (size before relaxing)
 .debug_str     0x000000000000011c       0x8c Hw_StartUp.o
                                        0x191 (size before relaxing)
 .debug_str     0x00000000000001a8       0x47 Hw.o
                                        0x14c (size before relaxing)
 .debug_str     0x00000000000001ef       0x24 Hw_PLL.o
                                        0x13e (size before relaxing)
 .debug_str     0x0000000000000213       0x9b Hw_ISR.o
                                        0x1a9 (size before relaxing)
 .debug_str     0x00000000000002ae       0x55 Hw_Led.o
                                        0x160 (size before relaxing)

.comment        0x0000000000000000       0x70
 .comment       0x0000000000000000       0x70 main.o
                                         0x71 (size before relaxing)
 .comment       0x0000000000000000       0x71 Ap.o
 .comment       0x0000000000000000       0x71 Hw_StartUp.o
 .comment       0x0000000000000000       0x71 Hw.o
 .comment       0x0000000000000000       0x71 Hw_PLL.o
 .comment       0x0000000000000000       0x71 Hw_ISR.o
 .comment       0x0000000000000000       0x71 Hw_Led.o

.debug_frame    0x0000000000000000      0x1d8
 .debug_frame   0x0000000000000000       0x48 main.o
 .debug_frame   0x0000000000000048       0x20 Ap.o
 .debug_frame   0x0000000000000068       0x3c Hw_StartUp.o
 .debug_frame   0x00000000000000a4       0x68 Hw.o
 .debug_frame   0x000000000000010c       0x28 Hw_PLL.o
 .debug_frame   0x0000000000000134       0x40 Hw_ISR.o
 .debug_frame   0x0000000000000174       0x64 Hw_Led.o

Cross Reference Table

Symbol                                            File
Ap_Init                                           Ap.o
                                                  main.o
Ap_Menu_ExeCmd                                    Ap_Menu.o
Ap_Menu_GetCmd                                    Ap_Menu.o
Ap_Menu_ShowMenu                                  Ap_Menu.o
DecToLong                                         Lb_Printf.o
Exam_LED_Tick                                     Ap_Menu.o
Exam_LED_TickDelay                                Ap_Menu.o
Exam_Pwm_Value                                    Ap_Menu.o
Hw_ISR_Init                                       Hw_ISR.o
                                                  Hw.o
Hw_ISR_SetIRQFunc                                 Hw_ISR.o
Hw_ISR_SetIRQFuncByAddr                           Hw_ISR.o
Hw_ISR_VectorTable                                Hw_ISR.o
Hw_Init                                           Hw.o
                                                  main.o
Hw_Led_Init                                       Hw_Led.o
                                                  Hw.o
Hw_Led_Off                                        Hw_Led.o
                                                  main.o
Hw_Led_On                                         Hw_Led.o
                                                  main.o
Hw_Led_Toggle                                     Hw_Led.o
                                                  main.o
Hw_Led_Wait                                       Hw_Led.o
Hw_PLL_Init                                       Hw_PLL.o
                                                  Hw.o
Hw_StartUp_Init                                   Hw_StartUp.o
Hw_Timer_Set                                      Ap_Menu.o
Hw_Timer_Start                                    Ap_Menu.o
Hw_Wait                                           Hw.o
Hw_Wait_Usec                                      Hw.o
Hw_Wait_ms                                        Hw.o
                                                  main.o
LED_Tick                                          main.o
Lb_printf                                         Lb_Printf.o
                                                  Ap_Menu.o
Lb_sprintf                                        Lb_Printf.o
Lb_vsprintf                                       Lb_Printf.o
StrCmp                                            Lb_Printf.o
StrNCmp                                           Lb_Printf.o
StrPrintBufIndex                                  Lb_Printf.o
StrPrintMode                                      Lb_Printf.o
_ebss                                             Hw_StartUp.o
_edata                                            Hw_StartUp.o
_estack                                           Hw_StartUp.o
_sbss                                             Hw_StartUp.o
_sdata                                            Hw_StartUp.o
_sidata                                           Hw_StartUp.o
delay                                             Lb_Util.o
delay_second                                      Lb_Util.o
g_pfnVectors                                      Hw_StartUp.o
get_byte                                          Ap_Menu.o
main                                              main.o
                                                  Hw_StartUp.o
pStrPrintBuf                                      Lb_Printf.o
print_byte                                        Lb_Printf.o
print_byte_out                                    Lb_Printf.o
