
Allocating common symbols
Common symbol       size              file

Hw_ISR_VectorTable  0x190             Hw_ISR.o
pStrPrintBuf        0x4               Lb_Printf.o

Discarded input sections

 .text          0x0000000000000000        0x0 main.o
 .data          0x0000000000000000        0x0 main.o
 .bss           0x0000000000000000        0x0 main.o
 .text          0x0000000000000000        0x0 Ap.o
 .data          0x0000000000000000        0x0 Ap.o
 .bss           0x0000000000000000        0x0 Ap.o
 .text          0x0000000000000000        0x0 Ap_Menu.o
 .data          0x0000000000000000        0x0 Ap_Menu.o
 .bss           0x0000000000000000        0x0 Ap_Menu.o
 .text.Exam_LED_Tick
                0x0000000000000000       0x20 Ap_Menu.o
 .text.Ap_Menu_ShowMenu
                0x0000000000000000       0xa4 Ap_Menu.o
 .text.Ap_Menu_GetCmd
                0x0000000000000000       0x30 Ap_Menu.o
 .text.Ap_Menu_ExeCmd
                0x0000000000000000       0x50 Ap_Menu.o
 .bss.Cnt.4271  0x0000000000000000        0x2 Ap_Menu.o
 .data.Exam_LED_TickDelay
                0x0000000000000000        0x2 Ap_Menu.o
 .rodata.str1.4
                0x0000000000000000      0x2dc Ap_Menu.o
 .bss.Exam_Pwm_Value
                0x0000000000000000        0x2 Ap_Menu.o
 .debug_info    0x0000000000000000      0x3d4 Ap_Menu.o
 .debug_abbrev  0x0000000000000000      0x172 Ap_Menu.o
 .debug_loc     0x0000000000000000       0xa8 Ap_Menu.o
 .debug_aranges
                0x0000000000000000       0x38 Ap_Menu.o
 .debug_ranges  0x0000000000000000       0x28 Ap_Menu.o
 .debug_line    0x0000000000000000       0xcd Ap_Menu.o
 .debug_str     0x0000000000000000      0x1d0 Ap_Menu.o
 .comment       0x0000000000000000       0x71 Ap_Menu.o
 .ARM.attributes
                0x0000000000000000       0x3b Ap_Menu.o
 .debug_frame   0x0000000000000000       0x88 Ap_Menu.o
 .text          0x0000000000000000        0x0 Lb_Util.o
 .data          0x0000000000000000        0x0 Lb_Util.o
 .bss           0x0000000000000000        0x0 Lb_Util.o
 .text.delay    0x0000000000000000       0x14 Lb_Util.o
 .text.delay_second
                0x0000000000000000       0x14 Lb_Util.o
 .debug_info    0x0000000000000000       0xec Lb_Util.o
 .debug_abbrev  0x0000000000000000       0x95 Lb_Util.o
 .debug_loc     0x0000000000000000       0x5d Lb_Util.o
 .debug_aranges
                0x0000000000000000       0x28 Lb_Util.o
 .debug_ranges  0x0000000000000000       0x18 Lb_Util.o
 .debug_line    0x0000000000000000       0x5a Lb_Util.o
 .debug_str     0x0000000000000000      0x145 Lb_Util.o
 .comment       0x0000000000000000       0x71 Lb_Util.o
 .ARM.attributes
                0x0000000000000000       0x3b Lb_Util.o
 .debug_frame   0x0000000000000000       0x34 Lb_Util.o
 .text          0x0000000000000000        0x0 Lb_Printf.o
 .data          0x0000000000000000        0x0 Lb_Printf.o
 .bss           0x0000000000000000        0x0 Lb_Printf.o
 .text.print_byte_out
                0x0000000000000000       0x38 Lb_Printf.o
 .text.PrintString
                0x0000000000000000       0x20 Lb_Printf.o
 .text.StrNCmp  0x0000000000000000       0x58 Lb_Printf.o
 .text.StrCmp   0x0000000000000000       0x3c Lb_Printf.o
 .text.DecToLong
                0x0000000000000000       0x44 Lb_Printf.o
 .text.PrintDec
                0x0000000000000000      0x3c4 Lb_Printf.o
 .text.PrintHex
                0x0000000000000000      0x3b8 Lb_Printf.o
 .text.Lb_printf
                0x0000000000000000      0x2d4 Lb_Printf.o
 .text.Lb_sprintf
                0x0000000000000000      0x2e8 Lb_Printf.o
 .text.Lb_vsprintf
                0x0000000000000000      0x2d0 Lb_Printf.o
 .bss.StrPrintBufIndex
                0x0000000000000000        0x4 Lb_Printf.o
 .bss.StrPrintMode
                0x0000000000000000        0x1 Lb_Printf.o
 .debug_info    0x0000000000000000      0x9b0 Lb_Printf.o
 .debug_abbrev  0x0000000000000000      0x32c Lb_Printf.o
 .debug_loc     0x0000000000000000     0x1638 Lb_Printf.o
 .debug_aranges
                0x0000000000000000       0x68 Lb_Printf.o
 .debug_ranges  0x0000000000000000      0x198 Lb_Printf.o
 .debug_line    0x0000000000000000      0x64d Lb_Printf.o
 .debug_str     0x0000000000000000      0x254 Lb_Printf.o
 .comment       0x0000000000000000       0x71 Lb_Printf.o
 .ARM.attributes
                0x0000000000000000       0x3b Lb_Printf.o
 .debug_frame   0x0000000000000000      0x198 Lb_Printf.o
 COMMON         0x0000000000000000        0x4 Lb_Printf.o
 .text          0x0000000000000000        0x0 Hw_StartUp.o
 .data          0x0000000000000000        0x0 Hw_StartUp.o
 .bss           0x0000000000000000        0x0 Hw_StartUp.o
 .text          0x0000000000000000        0x0 Hw.o
 .data          0x0000000000000000        0x0 Hw.o
 .bss           0x0000000000000000        0x0 Hw.o
 .text.Hw_Wait  0x0000000000000000       0x1c Hw.o
 .text.Hw_Wait_Usec
                0x0000000000000000       0x34 Hw.o
 .text          0x0000000000000000        0x0 Hw_PLL.o
 .data          0x0000000000000000        0x0 Hw_PLL.o
 .bss           0x0000000000000000        0x0 Hw_PLL.o
 .text          0x0000000000000000        0x0 Hw_ISR.o
 .data          0x0000000000000000        0x0 Hw_ISR.o
 .bss           0x0000000000000000        0x0 Hw_ISR.o
 .text.Hw_ISR_SetIRQFunc
                0x0000000000000000       0x10 Hw_ISR.o
 .text          0x0000000000000000        0x0 Hw_Timer.o
 .data          0x0000000000000000        0x0 Hw_Timer.o
 .bss           0x0000000000000000        0x0 Hw_Timer.o
 .text.Hw_Timer_DeInit
                0x0000000000000000       0x1c Hw_Timer.o
 .text.Hw_Timer_Setup
                0x0000000000000000       0x40 Hw_Timer.o
 .text.Hw_Timer_Stop
                0x0000000000000000       0x14 Hw_Timer.o
 .text.Hw_Timer_Reset
                0x0000000000000000       0x1c Hw_Timer.o
 .text.Hw_Timer_Delay_ms
                0x0000000000000000       0x14 Hw_Timer.o
 .text.Hw_Timer_Get_Handle
                0x0000000000000000       0x18 Hw_Timer.o
 .text.Hw_Timer_Get_CountValue
                0x0000000000000000        0xc Hw_Timer.o
 .text.Hw_Timer_TimeStart
                0x0000000000000000       0x10 Hw_Timer.o
 .text.Hw_Timer_TimeGetElapse
                0x0000000000000000       0x10 Hw_Timer.o
 .bss.Tmr_HandleIndex
                0x0000000000000000        0x2 Hw_Timer.o
 .text          0x0000000000000000        0x0 Hw_Led.o
 .data          0x0000000000000000        0x0 Hw_Led.o
 .bss           0x0000000000000000        0x0 Hw_Led.o
 .text.Hw_Led_Wait
                0x0000000000000000       0x1c Hw_Led.o

Memory Configuration

Name             Origin             Length             Attributes
FLASH            0x0000000008000000 0x0000000000200000 xr
RAM              0x0000000020000000 0x0000000000030000 xrw
MEMORY_B1        0x0000000060000000 0x0000000000000000 xr
CCMRAM           0x0000000010000000 0x0000000000010000 rw
*default*        0x0000000000000000 0xffffffffffffffff

Linker script and memory map

LOAD main.o
LOAD Ap.o
LOAD Ap_Menu.o
LOAD Lb_Util.o
LOAD Lb_Printf.o
LOAD Hw_StartUp.o
LOAD Hw.o
LOAD Hw_PLL.o
LOAD Hw_ISR.o
LOAD Hw_Timer.o
LOAD Hw_Led.o
LOAD /Users/Baram/gcc-arm-none-eabi/bin/../lib/gcc/arm-none-eabi/4.7.4/../../../../arm-none-eabi/lib/armv7e-m/fpu/libc.a
LOAD /Users/Baram/gcc-arm-none-eabi/bin/../lib/gcc/arm-none-eabi/4.7.4/../../../../arm-none-eabi/lib/armv7e-m/fpu/libm.a
LOAD /Users/Baram/gcc-arm-none-eabi/bin/../lib/gcc/arm-none-eabi/4.7.4/../../../../arm-none-eabi/lib/armv7e-m/fpu/libc.a
LOAD /Users/Baram/gcc-arm-none-eabi/bin/../lib/gcc/arm-none-eabi/4.7.4/armv7e-m/fpu/libgcc.a
                0x0000000020030000                _estack = 0x20030000
                0x0000000000000000                _Min_Heap_Size = 0x0
                0x0000000000000400                _Min_Stack_Size = 0x400

.isr_vector     0x0000000008000000        0x8
                0x0000000008000000                . = ALIGN (0x4)
 *(.isr_vector)
 .isr_vector    0x0000000008000000        0x8 Hw_StartUp.o
                0x0000000008000000                g_pfnVectors
                0x0000000008000008                . = ALIGN (0x4)

.text           0x0000000008000008      0x7e4
                0x0000000008000008                . = ALIGN (0x4)
 *(.text)
 *(.text*)
 .text.LED_Tick
                0x0000000008000008       0x10 main.o
                0x0000000008000008                LED_Tick
 .text.startup.main
                0x0000000008000018       0x64 main.o
                0x0000000008000018                main
 .text.Ap_Init  0x000000000800007c        0x4 Ap.o
                0x000000000800007c                Ap_Init
 .text.Hw_StartUp_Init
                0x0000000008000080       0xd4 Hw_StartUp.o
                0x0000000008000080                Hw_StartUp_Init
 .text.Hw_Init  0x0000000008000154       0x2c Hw.o
                0x0000000008000154                Hw_Init
 .text.Hw_Wait_ms
                0x0000000008000180       0x38 Hw.o
                0x0000000008000180                Hw_Wait_ms
 .text.Hw_PLL_Init
                0x00000000080001b8      0x11c Hw_PLL.o
                0x00000000080001b8                Hw_PLL_Init
 .text.Hw_ISR_Init
                0x00000000080002d4       0x14 Hw_ISR.o
                0x00000000080002d4                Hw_ISR_Init
 .text.Hw_ISR_SetIRQFuncByAddr
                0x00000000080002e8       0x10 Hw_ISR.o
                0x00000000080002e8                Hw_ISR_SetIRQFuncByAddr
 .text.Hw_Timer_SetupISR
                0x00000000080002f8       0x1c Hw_Timer.o
                0x00000000080002f8                Hw_Timer_SetupISR
 .text.Hw_Timer_Init
                0x0000000008000314       0xdc Hw_Timer.o
                0x0000000008000314                Hw_Timer_Init
 .text.Hw_Timer_Tick
                0x00000000080003f0      0x284 Hw_Timer.o
                0x00000000080003f0                Hw_Timer_Tick
 .text.Hw_Timer_ISR
                0x0000000008000674       0x10 Hw_Timer.o
                0x0000000008000674                Hw_Timer_ISR
 .text.Hw_Timer_Set
                0x0000000008000684       0x20 Hw_Timer.o
                0x0000000008000684                Hw_Timer_Set
 .text.Hw_Timer_Start
                0x00000000080006a4       0x14 Hw_Timer.o
                0x00000000080006a4                Hw_Timer_Start
 .text.Hw_Led_On
                0x00000000080006b8       0x2c Hw_Led.o
                0x00000000080006b8                Hw_Led_On
 .text.Hw_Led_Off
                0x00000000080006e4       0x2c Hw_Led.o
                0x00000000080006e4                Hw_Led_Off
 .text.Hw_Led_Init
                0x0000000008000710       0xb0 Hw_Led.o
                0x0000000008000710                Hw_Led_Init
 .text.Hw_Led_Toggle
                0x00000000080007c0       0x2c Hw_Led.o
                0x00000000080007c0                Hw_Led_Toggle
 *(.glue_7)
 .glue_7        0x0000000000000000        0x0 linker stubs
 *(.glue_7t)
 .glue_7t       0x0000000000000000        0x0 linker stubs
 *(.eh_frame)
 *(.init)
 *(.fini)
                0x00000000080007ec                . = ALIGN (0x4)
                0x00000000080007ec                _etext = .

.vfp11_veneer   0x00000000080007ec        0x0
 .vfp11_veneer  0x0000000000000000        0x0 linker stubs

.v4_bx          0x00000000080007ec        0x0
 .v4_bx         0x0000000000000000        0x0 linker stubs

.iplt           0x00000000080007ec        0x0
 .iplt          0x0000000000000000        0x0 main.o

.rel.dyn        0x00000000080007ec        0x0
 .rel.iplt      0x0000000000000000        0x0 main.o

.rodata         0x00000000080007ec        0x0
                0x00000000080007ec                . = ALIGN (0x4)
 *(.rodata)
 *(.rodata*)
                0x00000000080007ec                . = ALIGN (0x4)

.ARM.extab
 *(.ARM.extab* .gnu.linkonce.armextab.*)

.ARM            0x00000000080007ec        0x0
                0x00000000080007ec                __exidx_start = .
 *(.ARM.exidx*)
                0x00000000080007ec                __exidx_end = .

.preinit_array  0x00000000080007ec        0x0
                0x00000000080007ec                PROVIDE (__preinit_array_start, .)
 *(.preinit_array*)
                0x00000000080007ec                PROVIDE (__preinit_array_end, .)

.init_array     0x00000000080007ec        0x0
                0x00000000080007ec                PROVIDE (__init_array_start, .)
 *(SORT(.init_array.*))
 *(.init_array*)
                0x00000000080007ec                PROVIDE (__init_array_end, .)

.fini_array     0x00000000080007ec        0x0
                0x00000000080007ec                PROVIDE (__fini_array_start, .)
 *(SORT(.fini_array.*))
 *(.fini_array*)
                0x00000000080007ec                PROVIDE (__fini_array_end, .)
                0x00000000080007ec                _sidata = LOADADDR (.data)

.data           0x0000000020000000        0x0 load address 0x00000000080007ec
                0x0000000020000000                . = ALIGN (0x4)
                0x0000000020000000                _sdata = .
 *(.data)
 *(.data*)
                0x0000000020000000                . = ALIGN (0x4)
                0x0000000020000000                _edata = .
                0x00000000080007ec                _siccmram = LOADADDR (.ccmram)

.igot.plt       0x0000000020000000        0x0 load address 0x00000000080007ec
 .igot.plt      0x0000000000000000        0x0 main.o

.ccmram         0x0000000010000000        0x0 load address 0x00000000080007ec
                0x0000000010000000                . = ALIGN (0x4)
                0x0000000010000000                _sccmram = .
 *(.ccmram)
 *(.ccmram*)
                0x0000000010000000                . = ALIGN (0x4)
                0x0000000010000000                _eccmram = .
                0x0000000010000000                . = ALIGN (0x4)

.bss            0x0000000020000000      0x390
                0x0000000020000000                _sbss = .
                0x0000000020000000                __bss_start__ = _sbss
 *(.bss)
 *(.bss*)
 .bss.Timer_Tbl
                0x0000000020000000       0xa0 Hw_Timer.o
 .bss.Excute.4271
                0x00000000200000a0        0x1 Hw_Timer.o
 *fill*         0x00000000200000a1        0x3 00
 .bss.Hw_Timer_Counter
                0x00000000200000a4        0x4 Hw_Timer.o
 .bss.Tmr_Ctn   0x00000000200000a8        0x2 Hw_Timer.o
 *(COMMON)
 *fill*         0x00000000200000aa      0x156 00
 COMMON         0x0000000020000200      0x190 Hw_ISR.o
                0x0000000020000200                Hw_ISR_VectorTable
                0x0000000020000390                . = ALIGN (0x4)
                0x0000000020000390                _ebss = .
                0x0000000020000390                __bss_end__ = _ebss

._user_heap_stack
                0x0000000020000390      0x400
                0x0000000020000390                . = ALIGN (0x4)
                0x0000000020000390                PROVIDE (end, .)
                0x0000000020000390                PROVIDE (_end, .)
                0x0000000020000390                . = (. + _Min_Heap_Size)
                0x0000000020000790                . = (. + _Min_Stack_Size)
 *fill*         0x0000000020000390      0x400 00
                0x0000000020000790                . = ALIGN (0x4)

.memory_b1_text
 *(.mb1text)
 *(.mb1text*)
 *(.mb1rodata)
 *(.mb1rodata*)

/DISCARD/
 libc.a(*)
 libm.a(*)
 libgcc.a(*)

.ARM.attributes
                0x0000000000000000       0x3b
 *(.ARM.attributes)
 .ARM.attributes
                0x0000000000000000       0x3b main.o
 .ARM.attributes
                0x000000000000003b       0x3b Ap.o
 .ARM.attributes
                0x0000000000000076       0x3b Hw_StartUp.o
 .ARM.attributes
                0x00000000000000b1       0x3b Hw.o
 .ARM.attributes
                0x00000000000000ec       0x3b Hw_PLL.o
 .ARM.attributes
                0x0000000000000127       0x3b Hw_ISR.o
 .ARM.attributes
                0x0000000000000162       0x3b Hw_Timer.o
 .ARM.attributes
                0x000000000000019d       0x3b Hw_Led.o
OUTPUT(main.elf elf32-littlearm)

.debug_info     0x0000000000000000      0xda2
 .debug_info    0x0000000000000000      0x18f main.o
 .debug_info    0x000000000000018f       0x93 Ap.o
 .debug_info    0x0000000000000222      0x152 Hw_StartUp.o
 .debug_info    0x0000000000000374      0x1cb Hw.o
 .debug_info    0x000000000000053f       0xbe Hw_PLL.o
 .debug_info    0x00000000000005fd      0x175 Hw_ISR.o
 .debug_info    0x0000000000000772      0x45b Hw_Timer.o
 .debug_info    0x0000000000000bcd      0x1d5 Hw_Led.o

.debug_abbrev   0x0000000000000000      0x78e
 .debug_abbrev  0x0000000000000000       0xc3 main.o
 .debug_abbrev  0x00000000000000c3       0x44 Ap.o
 .debug_abbrev  0x0000000000000107       0xd0 Hw_StartUp.o
 .debug_abbrev  0x00000000000001d7      0x109 Hw.o
 .debug_abbrev  0x00000000000002e0       0x60 Hw_PLL.o
 .debug_abbrev  0x0000000000000340       0xd1 Hw_ISR.o
 .debug_abbrev  0x0000000000000411      0x23a Hw_Timer.o
 .debug_abbrev  0x000000000000064b      0x143 Hw_Led.o

.debug_loc      0x0000000000000000      0x6ba
 .debug_loc     0x0000000000000000       0x4c main.o
 .debug_loc     0x000000000000004c       0x20 Hw_StartUp.o
 .debug_loc     0x000000000000006c      0x14a Hw.o
 .debug_loc     0x00000000000001b6       0x6a Hw_PLL.o
 .debug_loc     0x0000000000000220       0x42 Hw_ISR.o
 .debug_loc     0x0000000000000262      0x396 Hw_Timer.o
 .debug_loc     0x00000000000005f8       0xc2 Hw_Led.o

.debug_aranges  0x0000000000000000      0x1c0
 .debug_aranges
                0x0000000000000000       0x28 main.o
 .debug_aranges
                0x0000000000000028       0x20 Ap.o
 .debug_aranges
                0x0000000000000048       0x20 Hw_StartUp.o
 .debug_aranges
                0x0000000000000068       0x38 Hw.o
 .debug_aranges
                0x00000000000000a0       0x20 Hw_PLL.o
 .debug_aranges
                0x00000000000000c0       0x30 Hw_ISR.o
 .debug_aranges
                0x00000000000000f0       0x90 Hw_Timer.o
 .debug_aranges
                0x0000000000000180       0x40 Hw_Led.o

.debug_ranges   0x0000000000000000      0x258
 .debug_ranges  0x0000000000000000       0x30 main.o
 .debug_ranges  0x0000000000000030       0x10 Ap.o
 .debug_ranges  0x0000000000000040       0x10 Hw_StartUp.o
 .debug_ranges  0x0000000000000050       0xc8 Hw.o
 .debug_ranges  0x0000000000000118       0x10 Hw_PLL.o
 .debug_ranges  0x0000000000000128       0x20 Hw_ISR.o
 .debug_ranges  0x0000000000000148       0x80 Hw_Timer.o
 .debug_ranges  0x00000000000001c8       0x90 Hw_Led.o

.debug_line     0x0000000000000000      0x65a
 .debug_line    0x0000000000000000       0x8b main.o
 .debug_line    0x000000000000008b       0x43 Ap.o
 .debug_line    0x00000000000000ce       0x87 Hw_StartUp.o
 .debug_line    0x0000000000000155       0xba Hw.o
 .debug_line    0x000000000000020f       0xc1 Hw_PLL.o
 .debug_line    0x00000000000002d0       0x7a Hw_ISR.o
 .debug_line    0x000000000000034a      0x231 Hw_Timer.o
 .debug_line    0x000000000000057b       0xdf Hw_Led.o

.debug_str      0x0000000000000000      0x4c9
 .debug_str     0x0000000000000000       0xfd main.o
                                        0x136 (size before relaxing)
 .debug_str     0x00000000000000fd       0x1c Ap.o
                                        0x130 (size before relaxing)
 .debug_str     0x0000000000000119       0x8c Hw_StartUp.o
                                        0x1a0 (size before relaxing)
 .debug_str     0x00000000000001a5       0x47 Hw.o
                                        0x15b (size before relaxing)
 .debug_str     0x00000000000001ec       0x24 Hw_PLL.o
                                        0x14d (size before relaxing)
 .debug_str     0x0000000000000210       0x9b Hw_ISR.o
                                        0x1b8 (size before relaxing)
 .debug_str     0x00000000000002ab      0x1c9 Hw_Timer.o
                                        0x2fc (size before relaxing)
 .debug_str     0x0000000000000474       0x55 Hw_Led.o
                                        0x16f (size before relaxing)

.comment        0x0000000000000000       0x70
 .comment       0x0000000000000000       0x70 main.o
                                         0x71 (size before relaxing)
 .comment       0x0000000000000000       0x71 Ap.o
 .comment       0x0000000000000000       0x71 Hw_StartUp.o
 .comment       0x0000000000000000       0x71 Hw.o
 .comment       0x0000000000000000       0x71 Hw_PLL.o
 .comment       0x0000000000000000       0x71 Hw_ISR.o
 .comment       0x0000000000000000       0x71 Hw_Timer.o
 .comment       0x0000000000000000       0x71 Hw_Led.o

.debug_frame    0x0000000000000000      0x328
 .debug_frame   0x0000000000000000       0x48 main.o
 .debug_frame   0x0000000000000048       0x20 Ap.o
 .debug_frame   0x0000000000000068       0x3c Hw_StartUp.o
 .debug_frame   0x00000000000000a4       0x68 Hw.o
 .debug_frame   0x000000000000010c       0x28 Hw_PLL.o
 .debug_frame   0x0000000000000134       0x40 Hw_ISR.o
 .debug_frame   0x0000000000000174      0x144 Hw_Timer.o
 .debug_frame   0x00000000000002b8       0x70 Hw_Led.o

Cross Reference Table

Symbol                                            File
Ap_Init                                           Ap.o
                                                  main.o
Ap_Menu_ExeCmd                                    Ap_Menu.o
Ap_Menu_GetCmd                                    Ap_Menu.o
Ap_Menu_ShowMenu                                  Ap_Menu.o
DecToLong                                         Lb_Printf.o
Exam_LED_Tick                                     Ap_Menu.o
Exam_LED_TickDelay                                Ap_Menu.o
Exam_Pwm_Value                                    Ap_Menu.o
Hw_ISR_Init                                       Hw_ISR.o
                                                  Hw.o
Hw_ISR_SetIRQFunc                                 Hw_ISR.o
Hw_ISR_SetIRQFuncByAddr                           Hw_ISR.o
                                                  Hw_Timer.o
Hw_ISR_VectorTable                                Hw_ISR.o
Hw_Init                                           Hw.o
                                                  main.o
Hw_Led_Init                                       Hw_Led.o
                                                  Hw.o
Hw_Led_Off                                        Hw_Led.o
                                                  main.o
Hw_Led_On                                         Hw_Led.o
                                                  main.o
Hw_Led_Toggle                                     Hw_Led.o
                                                  main.o
Hw_Led_Wait                                       Hw_Led.o
Hw_PLL_Init                                       Hw_PLL.o
                                                  Hw.o
Hw_StartUp_Init                                   Hw_StartUp.o
Hw_Timer_DeInit                                   Hw_Timer.o
Hw_Timer_Delay_ms                                 Hw_Timer.o
Hw_Timer_Get_CountValue                           Hw_Timer.o
Hw_Timer_Get_Handle                               Hw_Timer.o
Hw_Timer_ISR                                      Hw_Timer.o
Hw_Timer_Init                                     Hw_Timer.o
                                                  Hw.o
Hw_Timer_Reset                                    Hw_Timer.o
Hw_Timer_Set                                      Hw_Timer.o
                                                  Ap_Menu.o
                                                  main.o
Hw_Timer_Setup                                    Hw_Timer.o
Hw_Timer_SetupISR                                 Hw_Timer.o
Hw_Timer_Start                                    Hw_Timer.o
                                                  Ap_Menu.o
                                                  main.o
Hw_Timer_Stop                                     Hw_Timer.o
Hw_Timer_Tick                                     Hw_Timer.o
Hw_Timer_TimeGetElapse                            Hw_Timer.o
Hw_Timer_TimeStart                                Hw_Timer.o
Hw_Wait                                           Hw.o
Hw_Wait_Usec                                      Hw.o
Hw_Wait_ms                                        Hw.o
                                                  main.o
LED_Tick                                          main.o
Lb_printf                                         Lb_Printf.o
                                                  Ap_Menu.o
Lb_sprintf                                        Lb_Printf.o
Lb_vsprintf                                       Lb_Printf.o
StrCmp                                            Lb_Printf.o
StrNCmp                                           Lb_Printf.o
StrPrintBufIndex                                  Lb_Printf.o
StrPrintMode                                      Lb_Printf.o
_ebss                                             Hw_StartUp.o
_edata                                            Hw_StartUp.o
_estack                                           Hw_StartUp.o
_sbss                                             Hw_StartUp.o
_sdata                                            Hw_StartUp.o
_sidata                                           Hw_StartUp.o
delay                                             Lb_Util.o
delay_second                                      Lb_Util.o
g_pfnVectors                                      Hw_StartUp.o
get_byte                                          Ap_Menu.o
main                                              main.o
                                                  Hw_StartUp.o
pStrPrintBuf                                      Lb_Printf.o
print_byte                                        Lb_Printf.o
print_byte_out                                    Lb_Printf.o
